0 verbose cli /data/data/com.termux/files/usr/bin/node /data/data/com.termux/files/usr/bin/npm
1 info using npm@11.17.0
2 info using node@v26.3.1
3 silly config load:file:/data/data/com.termux/files/usr/lib/node_modules/npm/npmrc
4 silly config load:file:/data/data/com.termux/files/home/aethel-app/.npmrc
5 silly config load:file:/data/data/com.termux/files/home/.npmrc
6 silly config load:file:/data/data/com.termux/files/usr/etc/npmrc
7 verbose title npm install express cors body-parser
8 verbose argv "install" "express" "cors" "body-parser"
9 verbose logfile logs-max:10 dir:/data/data/com.termux/files/home/.npm/_logs/2026-09-17T12_23_24_895Z-
10 verbose logfile /data/data/com.termux/files/home/.npm/_logs/2026-09-17T12_23_24_895Z-debug-0.log
11 silly logfile start cleaning logs, removing 1 files
12 silly logfile done cleaning log files
13 silly packumentCache heap:1174405120 maxSize:293601280 maxEntrySize:146800640
14 silly idealTree buildDeps
15 silly fetch manifest express@*
16 silly packumentCache full:https://registry.npmjs.org/express cache-miss
17 http fetch GET 200 https://registry.npmjs.org/express 935ms (cache revalidated)
18 silly packumentCache full:https://registry.npmjs.org/express set size:808956 disposed:false
19 silly fetch manifest cors@*
20 silly packumentCache full:https://registry.npmjs.org/cors cache-miss
21 http fetch GET 200 https://registry.npmjs.org/cors 172ms (cache revalidated)
22 silly packumentCache full:https://registry.npmjs.org/cors set size:77956 disposed:false
23 silly fetch manifest body-parser@*
24 silly packumentCache full:https://registry.npmjs.org/body-parser cache-miss
25 http fetch GET 200 https://registry.npmjs.org/body-parser 169ms (cache revalidated)
26 silly packumentCache full:https://registry.npmjs.org/body-parser set size:207391 disposed:false
27 silly placeDep ROOT body-parser@2.3.0 OK for: aethel-app@1.0.0 want: *
28 silly placeDep ROOT cors@2.8.6 OK for: aethel-app@1.0.0 want: *
29 silly placeDep ROOT express@5.2.1 OK for: aethel-app@1.0.0 want: *
30 silly fetch manifest qs@^6.15.2
31 silly packumentCache full:https://registry.npmjs.org/qs cache-miss
32 silly fetch manifest bytes@^3.1.2
33 silly packumentCache full:https://registry.npmjs.org/bytes cache-miss
34 silly fetch manifest debug@^4.4.3
35 silly packumentCache full:https://registry.npmjs.org/debug cache-miss
36 silly fetch manifest type-is@^2.1.0
37 silly packumentCache full:https://registry.npmjs.org/type-is cache-miss
38 silly fetch manifest raw-body@^3.0.2
39 silly packumentCache full:https://registry.npmjs.org/raw-body cache-miss
40 silly fetch manifest iconv-lite@^0.7.2
41 silly packumentCache full:https://registry.npmjs.org/iconv-lite cache-miss
42 silly fetch manifest http-errors@^2.0.1
43 silly packumentCache full:https://registry.npmjs.org/http-errors cache-miss
44 http fetch GET 200 https://registry.npmjs.org/bytes 193ms (cache revalidated)
45 silly packumentCache full:https://registry.npmjs.org/bytes set size:37018 disposed:false
46 silly fetch manifest on-finished@^2.4.1
47 silly packumentCache full:https://registry.npmjs.org/on-finished cache-miss
48 http fetch GET 200 https://registry.npmjs.org/on-finished 172ms (cache revalidated)
49 silly packumentCache full:https://registry.npmjs.org/on-finished set size:23212 disposed:false
50 silly fetch manifest content-type@^2.0.0
51 silly packumentCache full:https://registry.npmjs.org/content-type cache-miss
52 http fetch GET 200 https://registry.npmjs.org/content-type 153ms (cache revalidated)
53 silly packumentCache full:https://registry.npmjs.org/content-type set size:26824 disposed:false
54 silly fetch manifest object-assign@^4
55 silly packumentCache full:https://registry.npmjs.org/object-assign cache-miss
56 http fetch GET 200 https://registry.npmjs.org/qs 577ms (cache revalidated)
57 silly packumentCache full:https://registry.npmjs.org/qs set size:365613 disposed:false
58 silly fetch manifest vary@^1
59 silly packumentCache full:https://registry.npmjs.org/vary cache-miss
60 http fetch GET 200 https://registry.npmjs.org/raw-body 617ms (cache revalidated)
61 silly packumentCache full:https://registry.npmjs.org/raw-body set size:120042 disposed:false
62 silly fetch manifest qs@^6.14.0
63 silly packumentCache full:https://registry.npmjs.org/qs cache-hit
64 silly fetch manifest depd@^2.0.0
65 silly packumentCache full:https://registry.npmjs.org/depd cache-miss
66 http fetch GET 200 https://registry.npmjs.org/http-errors 627ms (cache revalidated)
67 silly packumentCache full:https://registry.npmjs.org/http-errors set size:71987 disposed:false
68 silly fetch manifest etag@^1.8.1
69 silly packumentCache full:https://registry.npmjs.org/etag cache-miss
70 http fetch GET 200 https://registry.npmjs.org/type-is 638ms (cache revalidated)
71 silly packumentCache full:https://registry.npmjs.org/type-is set size:88614 disposed:false
72 silly fetch manifest once@^1.4.0
73 silly packumentCache full:https://registry.npmjs.org/once cache-miss
74 http fetch GET 200 https://registry.npmjs.org/debug 646ms (cache revalidated)
75 silly packumentCache full:https://registry.npmjs.org/debug set size:195840 disposed:false
76 silly fetch manifest send@^1.1.0
77 silly packumentCache full:https://registry.npmjs.org/send cache-miss
78 http fetch GET 200 https://registry.npmjs.org/iconv-lite 663ms (cache revalidated)
79 silly packumentCache full:https://registry.npmjs.org/iconv-lite set size:126462 disposed:false
80 silly fetch manifest vary@^1.1.2
81 silly packumentCache full:https://registry.npmjs.org/vary cache-miss
82 http fetch GET 200 https://registry.npmjs.org/object-assign 142ms (cache revalidated)
83 silly packumentCache full:https://registry.npmjs.org/object-assign set size:28988 disposed:false
84 silly fetch manifest debug@^4.4.0
85 silly packumentCache full:https://registry.npmjs.org/debug cache-hit
86 silly fetch manifest fresh@^2.0.0
87 silly packumentCache full:https://registry.npmjs.org/fresh cache-miss
88 http fetch GET 200 https://registry.npmjs.org/once 187ms (cache revalidated)
89 silly packumentCache full:https://registry.npmjs.org/once set size:11752 disposed:false
90 silly fetch manifest cookie@^0.7.1
91 silly packumentCache full:https://registry.npmjs.org/cookie cache-miss
92 http fetch GET 200 https://registry.npmjs.org/depd 206ms (cache revalidated)
93 silly packumentCache full:https://registry.npmjs.org/depd set size:40182 disposed:false
94 silly fetch manifest router@^2.2.0
95 silly packumentCache full:https://registry.npmjs.org/router cache-miss
96 http fetch GET 200 https://registry.npmjs.org/vary 240ms (cache revalidated)
97 silly packumentCache full:https://registry.npmjs.org/vary set size:15994 disposed:false
98 silly fetch manifest accepts@^2.0.0
99 silly packumentCache full:https://registry.npmjs.org/accepts cache-miss
100 http fetch GET 200 https://registry.npmjs.org/vary 169ms (cache revalidated)
101 silly packumentCache full:https://registry.npmjs.org/vary set size:15994 disposed:false
102 silly packumentCache full:https://registry.npmjs.org/vary dispose
103 silly fetch manifest type-is@^2.0.1
104 silly packumentCache full:https://registry.npmjs.org/type-is cache-hit
105 silly fetch manifest parseurl@^1.3.3
106 silly packumentCache full:https://registry.npmjs.org/parseurl cache-miss
107 http fetch GET 200 https://registry.npmjs.org/etag 212ms (cache revalidated)
108 silly packumentCache full:https://registry.npmjs.org/etag set size:30032 disposed:false
109 silly fetch manifest statuses@^2.0.1
110 silly packumentCache full:https://registry.npmjs.org/statuses cache-miss
111 http fetch GET 200 https://registry.npmjs.org/send 197ms (cache revalidated)
112 silly packumentCache full:https://registry.npmjs.org/send set size:152810 disposed:false
113 silly fetch manifest encodeurl@^2.0.0
114 silly packumentCache full:https://registry.npmjs.org/encodeurl cache-miss
115 http fetch GET 200 https://registry.npmjs.org/fresh 168ms (cache revalidated)
116 silly packumentCache full:https://registry.npmjs.org/fresh set size:25427 disposed:false
117 silly fetch manifest mime-types@^3.0.0
118 silly packumentCache full:https://registry.npmjs.org/mime-types cache-miss
119 http fetch GET 200 https://registry.npmjs.org/parseurl 186ms (cache revalidated)
120 silly packumentCache full:https://registry.npmjs.org/parseurl set size:24148 disposed:false
121 silly fetch manifest proxy-addr@^2.0.7
122 silly packumentCache full:https://registry.npmjs.org/proxy-addr cache-miss
123 http fetch GET 200 https://registry.npmjs.org/cookie 208ms (cache revalidated)
124 silly packumentCache full:https://registry.npmjs.org/cookie set size:78274 disposed:false
125 silly fetch manifest escape-html@^1.0.3
126 silly packumentCache full:https://registry.npmjs.org/escape-html cache-miss
127 http fetch GET 200 https://registry.npmjs.org/statuses 202ms (cache revalidated)
128 silly packumentCache full:https://registry.npmjs.org/statuses set size:37117 disposed:false
129 silly fetch manifest http-errors@^2.0.0
130 silly packumentCache full:https://registry.npmjs.org/http-errors cache-hit
131 silly fetch manifest content-type@^1.0.5
132 silly packumentCache full:https://registry.npmjs.org/content-type cache-hit
133 silly fetch manifest finalhandler@^2.1.0
134 silly packumentCache full:https://registry.npmjs.org/finalhandler cache-miss
135 http fetch GET 200 https://registry.npmjs.org/accepts 219ms (cache revalidated)
136 silly packumentCache full:https://registry.npmjs.org/accepts set size:77054 disposed:false
137 silly fetch manifest range-parser@^1.2.1
138 silly packumentCache full:https://registry.npmjs.org/range-parser cache-miss
139 http fetch GET 200 https://registry.npmjs.org/router 229ms (cache revalidated)
140 silly packumentCache full:https://registry.npmjs.org/router set size:116499 disposed:false
141 silly fetch manifest serve-static@^2.2.0
142 silly packumentCache full:https://registry.npmjs.org/serve-static cache-miss
143 http fetch GET 200 https://registry.npmjs.org/mime-types 203ms (cache revalidated)
144 silly packumentCache full:https://registry.npmjs.org/mime-types set size:139110 disposed:false
145 silly fetch manifest cookie-signature@^1.2.1
146 silly packumentCache full:https://registry.npmjs.org/cookie-signature cache-miss
147 http fetch GET 200 https://registry.npmjs.org/encodeurl 226ms (cache revalidated)
148 silly packumentCache full:https://registry.npmjs.org/encodeurl set size:12296 disposed:false
149 silly fetch manifest merge-descriptors@^2.0.0
150 silly packumentCache full:https://registry.npmjs.org/merge-descriptors cache-miss
151 http fetch GET 200 https://registry.npmjs.org/cookie-signature 181ms (cache revalidated)
152 silly packumentCache full:https://registry.npmjs.org/cookie-signature set size:21777 disposed:false
153 silly fetch manifest content-disposition@^1.0.0
154 silly packumentCache full:https://registry.npmjs.org/content-disposition cache-miss
155 http fetch GET 200 https://registry.npmjs.org/proxy-addr 228ms (cache revalidated)
156 silly packumentCache full:https://registry.npmjs.org/proxy-addr set size:64125 disposed:false
157 http fetch GET 200 https://registry.npmjs.org/finalhandler 208ms (cache revalidated)
158 silly packumentCache full:https://registry.npmjs.org/finalhandler set size:79291 disposed:false
159 http fetch GET 200 https://registry.npmjs.org/serve-static 198ms (cache revalidated)
160 silly packumentCache full:https://registry.npmjs.org/serve-static set size:150391 disposed:false
161 http fetch GET 200 https://registry.npmjs.org/escape-html 232ms (cache revalidated)
162 silly packumentCache full:https://registry.npmjs.org/escape-html set size:7345 disposed:false
163 http fetch GET 200 https://registry.npmjs.org/range-parser 216ms (cache revalidated)
164 silly packumentCache full:https://registry.npmjs.org/range-parser set size:24852 disposed:false
165 http fetch GET 200 https://registry.npmjs.org/merge-descriptors 248ms (cache revalidated)
166 silly packumentCache full:https://registry.npmjs.org/merge-descriptors set size:16527 disposed:false
167 http fetch GET 200 https://registry.npmjs.org/content-disposition 190ms (cache revalidated)
168 silly packumentCache full:https://registry.npmjs.org/content-disposition set size:45446 disposed:false
169 silly placeDep ROOT bytes@3.1.2 OK for: body-parser@2.3.0 want: ^3.1.2
170 silly placeDep ROOT content-type@2.1.0 OK for: body-parser@2.3.0 want: ^2.0.0
171 silly placeDep ROOT debug@4.4.3 OK for: body-parser@2.3.0 want: ^4.4.3
172 silly placeDep ROOT http-errors@2.0.1 OK for: body-parser@2.3.0 want: ^2.0.1
173 silly placeDep ROOT iconv-lite@0.7.3 OK for: body-parser@2.3.0 want: ^0.7.2
174 silly placeDep ROOT on-finished@2.4.1 OK for: body-parser@2.3.0 want: ^2.4.1
175 silly placeDep ROOT qs@6.16.0 OK for: body-parser@2.3.0 want: ^6.15.2
176 silly placeDep ROOT raw-body@3.0.2 OK for: body-parser@2.3.0 want: ^3.0.2
177 silly placeDep ROOT type-is@2.1.0 OK for: body-parser@2.3.0 want: ^2.1.0
178 silly fetch manifest ms@^2.1.3
179 silly packumentCache full:https://registry.npmjs.org/ms cache-miss
180 silly fetch manifest depd@~2.0.0
181 silly packumentCache full:https://registry.npmjs.org/depd cache-hit
182 silly fetch manifest inherits@~2.0.4
183 silly packumentCache full:https://registry.npmjs.org/inherits cache-miss
184 silly fetch manifest setprototypeof@~1.2.0
185 silly packumentCache full:https://registry.npmjs.org/setprototypeof cache-miss
186 silly fetch manifest statuses@~2.0.2
187 silly packumentCache full:https://registry.npmjs.org/statuses cache-hit
188 silly fetch manifest toidentifier@~1.0.1
189 silly packumentCache full:https://registry.npmjs.org/toidentifier cache-miss
190 silly fetch manifest safer-buffer@>= 2.1.2 < 3.0.0
191 silly packumentCache full:https://registry.npmjs.org/safer-buffer cache-miss
192 silly fetch manifest ee-first@1.1.1
193 silly packumentCache full:https://registry.npmjs.org/ee-first cache-miss
194 silly fetch manifest side-channel@^1.1.1
195 silly packumentCache full:https://registry.npmjs.org/side-channel cache-miss
196 http fetch GET 200 https://registry.npmjs.org/ee-first 140ms (cache revalidated)
197 silly packumentCache full:https://registry.npmjs.org/ee-first set size:15327 disposed:false
198 silly fetch manifest es-define-property@^1.0.1
199 silly packumentCache full:https://registry.npmjs.org/es-define-property cache-miss
200 http fetch GET 200 https://registry.npmjs.org/inherits 160ms (cache revalidated)
201 silly packumentCache full:https://registry.npmjs.org/inherits set size:12925 disposed:false
202 silly fetch manifest unpipe@~1.0.0
203 silly packumentCache full:https://registry.npmjs.org/unpipe cache-miss
204 http fetch GET 200 https://registry.npmjs.org/toidentifier 171ms (cache revalidated)
205 silly packumentCache full:https://registry.npmjs.org/toidentifier set size:12006 disposed:false
206 silly fetch manifest media-typer@^1.1.0
207 silly packumentCache full:https://registry.npmjs.org/media-typer cache-miss
208 http fetch GET 200 https://registry.npmjs.org/safer-buffer 176ms (cache revalidated)
209 silly packumentCache full:https://registry.npmjs.org/safer-buffer set size:18521 disposed:false
210 http fetch GET 200 https://registry.npmjs.org/ms 186ms (cache revalidated)
211 silly packumentCache full:https://registry.npmjs.org/ms set size:92208 disposed:false
212 http fetch GET 200 https://registry.npmjs.org/setprototypeof 192ms (cache revalidated)
213 silly packumentCache full:https://registry.npmjs.org/setprototypeof set size:14532 disposed:false
214 http fetch GET 200 https://registry.npmjs.org/side-channel 193ms (cache revalidated)
215 silly packumentCache full:https://registry.npmjs.org/side-channel set size:27650 disposed:false
216 http fetch GET 200 https://registry.npmjs.org/es-define-property 226ms (cache revalidated)
217 silly packumentCache full:https://registry.npmjs.org/es-define-property set size:8542 disposed:false
218 http fetch GET 200 https://registry.npmjs.org/unpipe 414ms (cache revalidated)
219 silly packumentCache full:https://registry.npmjs.org/unpipe set size:3609 disposed:false
220 http fetch GET 200 https://registry.npmjs.org/media-typer 477ms (cache revalidated)
221 silly packumentCache full:https://registry.npmjs.org/media-typer set size:22074 disposed:false
222 silly placeDep ROOT object-assign@4.1.1 OK for: cors@2.8.6 want: ^4
223 silly placeDep ROOT vary@1.1.2 OK for: cors@2.8.6 want: ^1
224 silly placeDep ROOT ms@2.1.3 OK for: debug@4.4.3 want: ^2.1.3
225 silly placeDep ROOT accepts@2.0.0 OK for: express@5.2.1 want: ^2.0.0
226 silly placeDep ROOT content-disposition@1.1.0 OK for: express@5.2.1 want: ^1.0.0
227 silly placeDep node_modules/express content-type@1.0.5 OK for: express@5.2.1 want: ^1.0.5
228 silly placeDep ROOT cookie@0.7.2 OK for: express@5.2.1 want: ^0.7.1
229 silly placeDep ROOT cookie-signature@1.2.2 OK for: express@5.2.1 want: ^1.2.1
230 silly placeDep ROOT depd@2.0.0 OK for: express@5.2.1 want: ^2.0.0
231 silly placeDep ROOT encodeurl@2.0.0 OK for: express@5.2.1 want: ^2.0.0
232 silly placeDep ROOT escape-html@1.0.3 OK for: express@5.2.1 want: ^1.0.3
233 silly placeDep ROOT etag@1.8.1 OK for: express@5.2.1 want: ^1.8.1
234 silly placeDep ROOT finalhandler@2.1.1 OK for: express@5.2.1 want: ^2.1.0
235 silly placeDep ROOT fresh@2.0.0 OK for: express@5.2.1 want: ^2.0.0
236 silly placeDep ROOT merge-descriptors@2.0.0 OK for: express@5.2.1 want: ^2.0.0
237 silly placeDep ROOT mime-types@3.0.2 OK for: express@5.2.1 want: ^3.0.0
238 silly placeDep ROOT once@1.4.0 OK for: express@5.2.1 want: ^1.4.0
239 silly placeDep ROOT parseurl@1.3.3 OK for: express@5.2.1 want: ^1.3.3
240 silly placeDep ROOT proxy-addr@2.0.8 OK for: express@5.2.1 want: ^2.0.7
241 silly placeDep ROOT range-parser@1.3.0 OK for: express@5.2.1 want: ^1.2.1
242 silly placeDep ROOT router@2.2.0 OK for: express@5.2.1 want: ^2.2.0
243 silly placeDep ROOT send@1.2.1 OK for: express@5.2.1 want: ^1.1.0
244 silly placeDep ROOT serve-static@2.2.1 OK for: express@5.2.1 want: ^2.2.0
245 silly placeDep ROOT statuses@2.0.2 OK for: express@5.2.1 want: ^2.0.1
246 silly fetch manifest negotiator@^1.0.0
247 silly packumentCache full:https://registry.npmjs.org/negotiator cache-miss
248 silly fetch manifest mime-db@^1.54.0
249 silly packumentCache full:https://registry.npmjs.org/mime-db cache-miss
250 silly fetch manifest wrappy@1
251 silly packumentCache full:https://registry.npmjs.org/wrappy cache-miss
252 silly fetch manifest forwarded@0.2.0
253 silly packumentCache full:https://registry.npmjs.org/forwarded cache-miss
254 silly fetch manifest ipaddr.js@1.9.1
255 silly packumentCache full:https://registry.npmjs.org/ipaddr.js cache-miss
256 silly fetch manifest is-promise@^4.0.0
257 silly packumentCache full:https://registry.npmjs.org/is-promise cache-miss
258 silly fetch manifest path-to-regexp@^8.0.0
259 silly packumentCache full:https://registry.npmjs.org/path-to-regexp cache-miss
260 http fetch GET 200 https://registry.npmjs.org/ipaddr.js 181ms (cache revalidated)
261 silly packumentCache full:https://registry.npmjs.org/ipaddr.js set size:84329 disposed:false
262 silly fetch manifest statuses@^2.0.2
263 silly packumentCache full:https://registry.npmjs.org/statuses cache-hit
264 http fetch GET 200 https://registry.npmjs.org/path-to-regexp 186ms (cache revalidated)
265 silly packumentCache full:https://registry.npmjs.org/path-to-regexp set size:216334 disposed:false
266 http fetch GET 200 https://registry.npmjs.org/forwarded 206ms (cache revalidated)
267 silly packumentCache full:https://registry.npmjs.org/forwarded set size:11229 disposed:false
268 http fetch GET 200 https://registry.npmjs.org/is-promise 213ms (cache revalidated)
269 silly packumentCache full:https://registry.npmjs.org/is-promise set size:18599 disposed:false
270 http fetch GET 200 https://registry.npmjs.org/negotiator 221ms (cache revalidated)
271 silly packumentCache full:https://registry.npmjs.org/negotiator set size:56148 disposed:false
272 http fetch GET 200 https://registry.npmjs.org/wrappy 223ms (cache revalidated)
273 silly packumentCache full:https://registry.npmjs.org/wrappy set size:7682 disposed:false
274 http fetch GET 200 https://registry.npmjs.org/mime-db 226ms (cache revalidated)
275 silly packumentCache full:https://registry.npmjs.org/mime-db set size:164953 disposed:false
276 silly placeDep ROOT negotiator@1.1.0 OK for: accepts@2.0.0 want: ^1.0.0
277 silly placeDep ROOT inherits@2.0.4 OK for: http-errors@2.0.1 want: ~2.0.4
278 silly placeDep ROOT setprototypeof@1.2.0 OK for: http-errors@2.0.1 want: ~1.2.0
279 silly placeDep ROOT toidentifier@1.0.1 OK for: http-errors@2.0.1 want: ~1.0.1
280 silly placeDep ROOT safer-buffer@2.1.2 OK for: iconv-lite@0.7.3 want: >= 2.1.2 < 3.0.0
281 silly placeDep ROOT mime-db@1.54.0 OK for: mime-types@3.0.2 want: ^1.54.0
282 silly placeDep ROOT ee-first@1.1.1 OK for: on-finished@2.4.1 want: 1.1.1
283 silly placeDep ROOT wrappy@1.0.2 OK for: once@1.4.0 want: 1
284 silly placeDep ROOT forwarded@0.2.0 OK for: proxy-addr@2.0.8 want: 0.2.0
285 silly placeDep ROOT ipaddr.js@1.9.1 OK for: proxy-addr@2.0.8 want: 1.9.1
286 silly placeDep ROOT es-define-property@1.0.1 OK for: qs@6.16.0 want: ^1.0.1
287 silly placeDep ROOT side-channel@1.1.1 OK for: qs@6.16.0 want: ^1.1.1
288 silly fetch manifest es-errors@^1.3.0
289 silly packumentCache full:https://registry.npmjs.org/es-errors cache-miss
290 silly fetch manifest object-inspect@^1.13.4
291 silly packumentCache full:https://registry.npmjs.org/object-inspect cache-miss
292 silly fetch manifest side-channel-list@^1.0.1
293 silly packumentCache full:https://registry.npmjs.org/side-channel-list cache-miss
294 silly fetch manifest side-channel-map@^1.0.1
295 silly packumentCache full:https://registry.npmjs.org/side-channel-map cache-miss
296 silly fetch manifest side-channel-weakmap@^1.0.2
297 silly packumentCache full:https://registry.npmjs.org/side-channel-weakmap cache-miss
298 http fetch GET 200 https://registry.npmjs.org/side-channel-map 169ms (cache revalidated)
299 silly packumentCache full:https://registry.npmjs.org/side-channel-map set size:9126 disposed:false
300 http fetch GET 200 https://registry.npmjs.org/es-errors 174ms (cache revalidated)
301 silly packumentCache full:https://registry.npmjs.org/es-errors set size:16918 disposed:false
302 http fetch GET 200 https://registry.npmjs.org/side-channel-list 177ms (cache revalidated)
303 silly packumentCache full:https://registry.npmjs.org/side-channel-list set size:9021 disposed:false
304 http fetch GET 200 https://registry.npmjs.org/side-channel-weakmap 178ms (cache revalidated)
305 silly packumentCache full:https://registry.npmjs.org/side-channel-weakmap set size:12620 disposed:false
306 http fetch GET 200 https://registry.npmjs.org/object-inspect 194ms (cache revalidated)
307 silly packumentCache full:https://registry.npmjs.org/object-inspect set size:101927 disposed:false
308 silly placeDep ROOT unpipe@1.0.0 OK for: raw-body@3.0.2 want: ~1.0.0
309 silly placeDep ROOT is-promise@4.0.0 OK for: router@2.2.0 want: ^4.0.0
310 silly placeDep ROOT path-to-regexp@8.4.2 OK for: router@2.2.0 want: ^8.0.0
311 silly placeDep ROOT es-errors@1.3.0 OK for: side-channel@1.1.1 want: ^1.3.0
312 silly placeDep ROOT object-inspect@1.13.4 OK for: side-channel@1.1.1 want: ^1.13.4
313 silly placeDep ROOT side-channel-list@1.0.1 OK for: side-channel@1.1.1 want: ^1.0.1
314 silly placeDep ROOT side-channel-map@1.0.1 OK for: side-channel@1.1.1 want: ^1.0.1
315 silly placeDep ROOT side-channel-weakmap@1.0.2 OK for: side-channel@1.1.1 want: ^1.0.2
316 silly fetch manifest call-bound@^1.0.2
317 silly packumentCache full:https://registry.npmjs.org/call-bound cache-miss
318 silly fetch manifest get-intrinsic@^1.2.5
319 silly packumentCache full:https://registry.npmjs.org/get-intrinsic cache-miss
320 silly fetch manifest call-bound@^1.0.2
321 silly packumentCache full:https://registry.npmjs.org/call-bound cache-miss
322 silly fetch manifest get-intrinsic@^1.2.5
323 silly packumentCache full:https://registry.npmjs.org/get-intrinsic cache-miss
324 http fetch GET 200 https://registry.npmjs.org/get-intrinsic 173ms (cache revalidated)
325 silly packumentCache full:https://registry.npmjs.org/get-intrinsic set size:60985 disposed:false
326 http fetch GET 200 https://registry.npmjs.org/get-intrinsic 179ms (cache revalidated)
327 silly packumentCache full:https://registry.npmjs.org/get-intrinsic set size:60985 disposed:false
328 silly packumentCache full:https://registry.npmjs.org/get-intrinsic dispose
329 http fetch GET 200 https://registry.npmjs.org/call-bound 183ms (cache revalidated)
330 silly packumentCache full:https://registry.npmjs.org/call-bound set size:15317 disposed:false
331 http fetch GET 200 https://registry.npmjs.org/call-bound 184ms (cache revalidated)
332 silly packumentCache full:https://registry.npmjs.org/call-bound set size:15317 disposed:false
333 silly packumentCache full:https://registry.npmjs.org/call-bound dispose
334 silly placeDep ROOT call-bound@1.0.4 OK for: side-channel-map@1.0.1 want: ^1.0.2
335 silly placeDep ROOT get-intrinsic@1.3.0 OK for: side-channel-map@1.0.1 want: ^1.2.5
336 silly fetch manifest call-bind-apply-helpers@^1.0.2
337 silly packumentCache full:https://registry.npmjs.org/call-bind-apply-helpers cache-miss
338 silly fetch manifest get-intrinsic@^1.3.0
339 silly packumentCache full:https://registry.npmjs.org/get-intrinsic cache-hit
340 silly fetch manifest gopd@^1.2.0
341 silly packumentCache full:https://registry.npmjs.org/gopd cache-miss
342 silly fetch manifest hasown@^2.0.2
343 silly packumentCache full:https://registry.npmjs.org/hasown cache-miss
344 silly fetch manifest get-proto@^1.0.1
345 silly packumentCache full:https://registry.npmjs.org/get-proto cache-miss
346 silly fetch manifest has-symbols@^1.1.0
347 silly packumentCache full:https://registry.npmjs.org/has-symbols cache-miss
348 silly fetch manifest function-bind@^1.1.2
349 silly packumentCache full:https://registry.npmjs.org/function-bind cache-miss
350 silly fetch manifest es-object-atoms@^1.1.1
351 silly packumentCache full:https://registry.npmjs.org/es-object-atoms cache-miss
352 http fetch GET 200 https://registry.npmjs.org/gopd 170ms (cache revalidated)
353 silly packumentCache full:https://registry.npmjs.org/gopd set size:11483 disposed:false
354 silly fetch manifest math-intrinsics@^1.1.0
355 silly packumentCache full:https://registry.npmjs.org/math-intrinsics cache-miss
356 http fetch GET 200 https://registry.npmjs.org/hasown 174ms (cache revalidated)
357 silly packumentCache full:https://registry.npmjs.org/hasown set size:18361 disposed:false
358 silly fetch manifest call-bind-apply-helpers@^1.0.2
359 silly packumentCache full:https://registry.npmjs.org/call-bind-apply-helpers cache-miss
360 http fetch GET 200 https://registry.npmjs.org/get-proto 186ms (cache revalidated)
361 silly packumentCache full:https://registry.npmjs.org/get-proto set size:8300 disposed:false
362 http fetch GET 200 https://registry.npmjs.org/es-object-atoms 185ms (cache revalidated)
363 silly packumentCache full:https://registry.npmjs.org/es-object-atoms set size:18278 disposed:false
364 http fetch GET 200 https://registry.npmjs.org/function-bind 191ms (cache revalidated)
365 silly packumentCache full:https://registry.npmjs.org/function-bind set size:15733 disposed:false
366 http fetch GET 200 https://registry.npmjs.org/call-bind-apply-helpers 231ms (cache revalidated)
367 silly packumentCache full:https://registry.npmjs.org/call-bind-apply-helpers set size:12744 disposed:false
368 http fetch GET 200 https://registry.npmjs.org/has-symbols 231ms (cache revalidated)
369 silly packumentCache full:https://registry.npmjs.org/has-symbols set size:21550 disposed:false
370 http fetch GET 200 https://registry.npmjs.org/call-bind-apply-helpers 180ms (cache revalidated)
371 silly packumentCache full:https://registry.npmjs.org/call-bind-apply-helpers set size:12744 disposed:false
372 silly packumentCache full:https://registry.npmjs.org/call-bind-apply-helpers dispose
373 http fetch GET 200 https://registry.npmjs.org/math-intrinsics 199ms (cache revalidated)
374 silly packumentCache full:https://registry.npmjs.org/math-intrinsics set size:9265 disposed:false
375 silly placeDep ROOT call-bind-apply-helpers@1.0.2 OK for: call-bound@1.0.4 want: ^1.0.2
376 silly placeDep ROOT function-bind@1.1.2 OK for: call-bind-apply-helpers@1.0.2 want: ^1.1.2
377 silly placeDep ROOT es-object-atoms@1.1.2 OK for: get-intrinsic@1.3.0 want: ^1.1.1
378 silly placeDep ROOT get-proto@1.0.1 OK for: get-intrinsic@1.3.0 want: ^1.0.1
379 silly placeDep ROOT gopd@1.2.0 OK for: get-intrinsic@1.3.0 want: ^1.2.0
380 silly placeDep ROOT has-symbols@1.1.0 OK for: get-intrinsic@1.3.0 want: ^1.1.0
381 silly placeDep ROOT hasown@2.0.4 OK for: get-intrinsic@1.3.0 want: ^2.0.2
382 silly placeDep ROOT math-intrinsics@1.1.0 OK for: get-intrinsic@1.3.0 want: ^1.1.0
383 silly fetch manifest dunder-proto@^1.0.1
384 silly packumentCache full:https://registry.npmjs.org/dunder-proto cache-miss
385 http fetch GET 200 https://registry.npmjs.org/dunder-proto 150ms (cache revalidated)
386 silly packumentCache full:https://registry.npmjs.org/dunder-proto set size:8256 disposed:false
387 silly placeDep ROOT dunder-proto@1.0.1 OK for: get-proto@1.0.1 want: ^1.0.1
388 silly placeDep ROOT media-typer@1.1.1 OK for: type-is@2.1.0 want: ^1.1.0
389 silly reify moves {}
390 silly audit bulk request {
390 silly audit   'body-parser': [ '2.3.0' ],
390 silly audit   cors: [ '2.8.6' ],
390 silly audit   express: [ '5.2.1' ],
390 silly audit   bytes: [ '3.1.2' ],
390 silly audit   'content-type': [ '2.1.0', '1.0.5' ],
390 silly audit   debug: [ '4.4.3' ],
390 silly audit   'http-errors': [ '2.0.1' ],
390 silly audit   'iconv-lite': [ '0.7.3' ],
390 silly audit   'on-finished': [ '2.4.1' ],
390 silly audit   qs: [ '6.16.0' ],
390 silly audit   'raw-body': [ '3.0.2' ],
390 silly audit   'type-is': [ '2.1.0' ],
390 silly audit   'object-assign': [ '4.1.1' ],
390 silly audit   vary: [ '1.1.2' ],
390 silly audit   ms: [ '2.1.3' ],
390 silly audit   accepts: [ '2.0.0' ],
390 silly audit   'content-disposition': [ '1.1.0' ],
390 silly audit   cookie: [ '0.7.2' ],
390 silly audit   'cookie-signature': [ '1.2.2' ],
390 silly audit   depd: [ '2.0.0' ],
390 silly audit   encodeurl: [ '2.0.0' ],
390 silly audit   'escape-html': [ '1.0.3' ],
390 silly audit   etag: [ '1.8.1' ],
390 silly audit   finalhandler: [ '2.1.1' ],
390 silly audit   fresh: [ '2.0.0' ],
390 silly audit   'merge-descriptors': [ '2.0.0' ],
390 silly audit   'mime-types': [ '3.0.2' ],
390 silly audit   once: [ '1.4.0' ],
390 silly audit   parseurl: [ '1.3.3' ],
390 silly audit   'proxy-addr': [ '2.0.8' ],
390 silly audit   'range-parser': [ '1.3.0' ],
390 silly audit   router: [ '2.2.0' ],
390 silly audit   send: [ '1.2.1' ],
390 silly audit   'serve-static': [ '2.2.1' ],
390 silly audit   statuses: [ '2.0.2' ],
390 silly audit   negotiator: [ '1.1.0' ],
390 silly audit   inherits: [ '2.0.4' ],
390 silly audit   setprototypeof: [ '1.2.0' ],
390 silly audit   toidentifier: [ '1.0.1' ],
390 silly audit   'safer-buffer': [ '2.1.2' ],
390 silly audit   'mime-db': [ '1.54.0' ],
390 silly audit   'ee-first': [ '1.1.1' ],
390 silly audit   wrappy: [ '1.0.2' ],
390 silly audit   forwarded: [ '0.2.0' ],
390 silly audit   'ipaddr.js': [ '1.9.1' ],
390 silly audit   'es-define-property': [ '1.0.1' ],
390 silly audit   'side-channel': [ '1.1.1' ],
390 silly audit   unpipe: [ '1.0.0' ],
390 silly audit   'is-promise': [ '4.0.0' ],
390 silly audit   'path-to-regexp': [ '8.4.2' ],
390 silly audit   'es-errors': [ '1.3.0' ],
390 silly audit   'object-inspect': [ '1.13.4' ],
390 silly audit   'side-channel-list': [ '1.0.1' ],
390 silly audit   'side-channel-map': [ '1.0.1' ],
390 silly audit   'side-channel-weakmap': [ '1.0.2' ],
390 silly audit   'call-bound': [ '1.0.4' ],
390 silly audit   'get-intrinsic': [ '1.3.0' ],
390 silly audit   'call-bind-apply-helpers': [ '1.0.2' ],
390 silly audit   'function-bind': [ '1.1.2' ],
390 silly audit   'es-object-atoms': [ '1.1.2' ],
390 silly audit   'get-proto': [ '1.0.1' ],
390 silly audit   gopd: [ '1.2.0' ],
390 silly audit   'has-symbols': [ '1.1.0' ],
390 silly audit   hasown: [ '2.0.4' ],
390 silly audit   'math-intrinsics': [ '1.1.0' ],
390 silly audit   'dunder-proto': [ '1.0.1' ],
390 silly audit   'media-typer': [ '1.1.1' ]
390 silly audit }
391 http cache media-typer@https://registry.npmjs.org/media-typer/-/media-typer-1.1.1.tgz 0ms (cache hit)
392 http cache dunder-proto@https://registry.npmjs.org/dunder-proto/-/dunder-proto-1.0.1.tgz 0ms (cache hit)
393 http cache math-intrinsics@https://registry.npmjs.org/math-intrinsics/-/math-intrinsics-1.1.0.tgz 0ms (cache hit)
394 http cache hasown@https://registry.npmjs.org/hasown/-/hasown-2.0.4.tgz 0ms (cache hit)
395 http cache has-symbols@https://registry.npmjs.org/has-symbols/-/has-symbols-1.1.0.tgz 0ms (cache hit)
396 http cache gopd@https://registry.npmjs.org/gopd/-/gopd-1.2.0.tgz 0ms (cache hit)
397 http cache get-proto@https://registry.npmjs.org/get-proto/-/get-proto-1.0.1.tgz 0ms (cache hit)
398 http cache es-object-atoms@https://registry.npmjs.org/es-object-atoms/-/es-object-atoms-1.1.2.tgz 0ms (cache hit)
399 http cache function-bind@https://registry.npmjs.org/function-bind/-/function-bind-1.1.2.tgz 0ms (cache hit)
400 http cache call-bind-apply-helpers@https://registry.npmjs.org/call-bind-apply-helpers/-/call-bind-apply-helpers-1.0.2.tgz 0ms (cache hit)
401 http cache call-bound@https://registry.npmjs.org/call-bound/-/call-bound-1.0.4.tgz 0ms (cache hit)
402 http cache get-intrinsic@https://registry.npmjs.org/get-intrinsic/-/get-intrinsic-1.3.0.tgz 0ms (cache hit)
403 http cache side-channel-weakmap@https://registry.npmjs.org/side-channel-weakmap/-/side-channel-weakmap-1.0.2.tgz 0ms (cache hit)
404 http cache side-channel-map@https://registry.npmjs.org/side-channel-map/-/side-channel-map-1.0.1.tgz 0ms (cache hit)
405 http cache side-channel-list@https://registry.npmjs.org/side-channel-list/-/side-channel-list-1.0.1.tgz 0ms (cache hit)
406 http cache es-errors@https://registry.npmjs.org/es-errors/-/es-errors-1.3.0.tgz 0ms (cache hit)
407 http cache object-inspect@https://registry.npmjs.org/object-inspect/-/object-inspect-1.13.4.tgz 0ms (cache hit)
408 http cache path-to-regexp@https://registry.npmjs.org/path-to-regexp/-/path-to-regexp-8.4.2.tgz 0ms (cache hit)
409 http cache unpipe@https://registry.npmjs.org/unpipe/-/unpipe-1.0.0.tgz 0ms (cache hit)
410 http cache side-channel@https://registry.npmjs.org/side-channel/-/side-channel-1.1.1.tgz 0ms (cache hit)
411 http cache is-promise@https://registry.npmjs.org/is-promise/-/is-promise-4.0.0.tgz 0ms (cache hit)
412 http cache es-define-property@https://registry.npmjs.org/es-define-property/-/es-define-property-1.0.1.tgz 0ms (cache hit)
413 http cache ipaddr.js@https://registry.npmjs.org/ipaddr.js/-/ipaddr.js-1.9.1.tgz 0ms (cache hit)
414 http cache forwarded@https://registry.npmjs.org/forwarded/-/forwarded-0.2.0.tgz 0ms (cache hit)
415 http cache wrappy@https://registry.npmjs.org/wrappy/-/wrappy-1.0.2.tgz 0ms (cache hit)
416 http cache ee-first@https://registry.npmjs.org/ee-first/-/ee-first-1.1.1.tgz 0ms (cache hit)
417 http cache mime-db@https://registry.npmjs.org/mime-db/-/mime-db-1.54.0.tgz 0ms (cache hit)
418 http cache safer-buffer@https://registry.npmjs.org/safer-buffer/-/safer-buffer-2.1.2.tgz 0ms (cache hit)
419 http cache toidentifier@https://registry.npmjs.org/toidentifier/-/toidentifier-1.0.1.tgz 0ms (cache hit)
420 http cache setprototypeof@https://registry.npmjs.org/setprototypeof/-/setprototypeof-1.2.0.tgz 0ms (cache hit)
421 http cache inherits@https://registry.npmjs.org/inherits/-/inherits-2.0.4.tgz 0ms (cache hit)
422 http cache statuses@https://registry.npmjs.org/statuses/-/statuses-2.0.2.tgz 0ms (cache hit)
423 http cache serve-static@https://registry.npmjs.org/serve-static/-/serve-static-2.2.1.tgz 0ms (cache hit)
424 http cache send@https://registry.npmjs.org/send/-/send-1.2.1.tgz 0ms (cache hit)
425 http cache negotiator@https://registry.npmjs.org/negotiator/-/negotiator-1.1.0.tgz 0ms (cache hit)
426 http cache router@https://registry.npmjs.org/router/-/router-2.2.0.tgz 0ms (cache hit)
427 http cache range-parser@https://registry.npmjs.org/range-parser/-/range-parser-1.3.0.tgz 0ms (cache hit)
428 http cache proxy-addr@https://registry.npmjs.org/proxy-addr/-/proxy-addr-2.0.8.tgz 0ms (cache hit)
429 http cache parseurl@https://registry.npmjs.org/parseurl/-/parseurl-1.3.3.tgz 0ms (cache hit)
430 http cache once@https://registry.npmjs.org/once/-/once-1.4.0.tgz 0ms (cache hit)
431 http cache mime-types@https://registry.npmjs.org/mime-types/-/mime-types-3.0.2.tgz 0ms (cache hit)
432 http cache merge-descriptors@https://registry.npmjs.org/merge-descriptors/-/merge-descriptors-2.0.0.tgz 0ms (cache hit)
433 http cache fresh@https://registry.npmjs.org/fresh/-/fresh-2.0.0.tgz 1ms (cache hit)
434 http cache finalhandler@https://registry.npmjs.org/finalhandler/-/finalhandler-2.1.1.tgz 0ms (cache hit)
435 http cache etag@https://registry.npmjs.org/etag/-/etag-1.8.1.tgz 0ms (cache hit)
436 http cache escape-html@https://registry.npmjs.org/escape-html/-/escape-html-1.0.3.tgz 0ms (cache hit)
437 http cache encodeurl@https://registry.npmjs.org/encodeurl/-/encodeurl-2.0.0.tgz 0ms (cache hit)
438 http cache depd@https://registry.npmjs.org/depd/-/depd-2.0.0.tgz 0ms (cache hit)
439 http cache cookie-signature@https://registry.npmjs.org/cookie-signature/-/cookie-signature-1.2.2.tgz 0ms (cache hit)
440 http cache cookie@https://registry.npmjs.org/cookie/-/cookie-0.7.2.tgz 0ms (cache hit)
441 http cache content-disposition@https://registry.npmjs.org/content-disposition/-/content-disposition-1.1.0.tgz 0ms (cache hit)
442 http cache accepts@https://registry.npmjs.org/accepts/-/accepts-2.0.0.tgz 0ms (cache hit)
443 http cache ms@https://registry.npmjs.org/ms/-/ms-2.1.3.tgz 0ms (cache hit)
444 http cache vary@https://registry.npmjs.org/vary/-/vary-1.1.2.tgz 0ms (cache hit)
445 http cache object-assign@https://registry.npmjs.org/object-assign/-/object-assign-4.1.1.tgz 0ms (cache hit)
446 http cache type-is@https://registry.npmjs.org/type-is/-/type-is-2.1.0.tgz 0ms (cache hit)
447 http cache qs@https://registry.npmjs.org/qs/-/qs-6.16.0.tgz 0ms (cache hit)
448 http cache raw-body@https://registry.npmjs.org/raw-body/-/raw-body-3.0.2.tgz 0ms (cache hit)
449 http cache on-finished@https://registry.npmjs.org/on-finished/-/on-finished-2.4.1.tgz 0ms (cache hit)
450 http cache iconv-lite@https://registry.npmjs.org/iconv-lite/-/iconv-lite-0.7.3.tgz 0ms (cache hit)
451 http cache http-errors@https://registry.npmjs.org/http-errors/-/http-errors-2.0.1.tgz 0ms (cache hit)
452 http cache debug@https://registry.npmjs.org/debug/-/debug-4.4.3.tgz 0ms (cache hit)
453 http cache content-type@https://registry.npmjs.org/content-type/-/content-type-2.1.0.tgz 0ms (cache hit)
454 http cache express@https://registry.npmjs.org/express/-/express-5.2.1.tgz 0ms (cache hit)
455 http cache bytes@https://registry.npmjs.org/bytes/-/bytes-3.1.2.tgz 0ms (cache hit)
456 http cache cors@https://registry.npmjs.org/cors/-/cors-2.8.6.tgz 0ms (cache hit)
457 http cache body-parser@https://registry.npmjs.org/body-parser/-/body-parser-2.3.0.tgz 0ms (cache hit)
458 http cache content-type@https://registry.npmjs.org/content-type/-/content-type-1.0.5.tgz 0ms (cache hit)
459 http fetch POST 200 https://registry.npmjs.org/-/npm/v1/security/advisories/bulk 385ms
460 silly audit report {}
461 silly ADD node_modules/media-typer
462 silly ADD node_modules/dunder-proto
463 silly ADD node_modules/math-intrinsics
464 silly ADD node_modules/hasown
465 silly ADD node_modules/has-symbols
466 silly ADD node_modules/gopd
467 silly ADD node_modules/get-proto
468 silly ADD node_modules/es-object-atoms
469 silly ADD node_modules/function-bind
470 silly ADD node_modules/call-bind-apply-helpers
471 silly ADD node_modules/get-intrinsic
472 silly ADD node_modules/call-bound
473 silly ADD node_modules/side-channel-weakmap
474 silly ADD node_modules/side-channel-map
475 silly ADD node_modules/side-channel-list
476 silly ADD node_modules/object-inspect
477 silly ADD node_modules/es-errors
478 silly ADD node_modules/path-to-regexp
479 silly ADD node_modules/is-promise
480 silly ADD node_modules/unpipe
481 silly ADD node_modules/side-channel
482 silly ADD node_modules/es-define-property
483 silly ADD node_modules/ipaddr.js
484 silly ADD node_modules/forwarded
485 silly ADD node_modules/wrappy
486 silly ADD node_modules/ee-first
487 silly ADD node_modules/mime-db
488 silly ADD node_modules/safer-buffer
489 silly ADD node_modules/toidentifier
490 silly ADD node_modules/setprototypeof
491 silly ADD node_modules/inherits
492 silly ADD node_modules/negotiator
493 silly ADD node_modules/statuses
494 silly ADD node_modules/serve-static
495 silly ADD node_modules/send
496 silly ADD node_modules/router
497 silly ADD node_modules/range-parser
498 silly ADD node_modules/proxy-addr
499 silly ADD node_modules/parseurl
500 silly ADD node_modules/once
501 silly ADD node_modules/mime-types
502 silly ADD node_modules/merge-descriptors
503 silly ADD node_modules/fresh
504 silly ADD node_modules/finalhandler
505 silly ADD node_modules/etag
506 silly ADD node_modules/escape-html
507 silly ADD node_modules/encodeurl
508 silly ADD node_modules/depd
509 silly ADD node_modules/cookie-signature
510 silly ADD node_modules/cookie
511 silly ADD node_modules/content-disposition
512 silly ADD node_modules/accepts
513 silly ADD node_modules/ms
514 silly ADD node_modules/vary
515 silly ADD node_modules/object-assign
516 silly ADD node_modules/type-is
517 silly ADD node_modules/raw-body
518 silly ADD node_modules/qs
519 silly ADD node_modules/on-finished
520 silly ADD node_modules/iconv-lite
521 silly ADD node_modules/http-errors
522 silly ADD node_modules/debug
523 silly ADD node_modules/content-type
524 silly ADD node_modules/bytes
525 silly ADD node_modules/express
526 silly ADD node_modules/express/node_modules/content-type
527 silly ADD node_modules/cors
528 silly ADD node_modules/body-parser
529 verbose cwd /data/data/com.termux/files/home/aethel-app
530 verbose os Linux 6.1.157-android14-11-gbd23337e42e7-ab14791245
531 verbose node v26.3.1
532 verbose npm  v11.17.0
533 verbose exit 0
534 info ok
