node:events:487
      throw er; // Unhandled 'error' event
      ^

Error: read ECONNABORTED
    at TLSWrap.onStreamRead (node:internal/stream_base_commons:216:20)
Emitted 'error' event on ClientRequest instance at:
    at emitErrorEvent (node:_http_client:111:11)
    at TLSSocket.socketErrorListener (node:_http_client:607:5)
    at TLSSocket.emit (node:events:509:20)
    at emitErrorNT (node:internal/streams/destroy:170:8)
    at emitErrorCloseNT (node:internal/streams/destroy:129:3)
    at process.processTicksAndRejections (node:internal/process/task_queues:90:21) {
  errno: -103,
  code: 'ECONNABORTED',
  syscall: 'read'
}

Node.js v26.3.1
node:events:487
      throw er; // Unhandled 'error' event
      ^

Error: read ETIMEDOUT
    at TLSWrap.onStreamRead (node:internal/stream_base_commons:216:20)
Emitted 'error' event on ClientRequest instance at:
    at emitErrorEvent (node:_http_client:111:11)
    at TLSSocket.socketErrorListener (node:_http_client:607:5)
    at TLSSocket.emit (node:events:509:20)
    at emitErrorNT (node:internal/streams/destroy:170:8)
    at emitErrorCloseNT (node:internal/streams/destroy:129:3)
    at process.processTicksAndRejections (node:internal/process/task_queues:90:21) {
  errno: -110,
  code: 'ETIMEDOUT',
  syscall: 'read'
}

Node.js v26.3.1
node:events:487
      throw er; // Unhandled 'error' event
      ^

Error: read ETIMEDOUT
    at TLSWrap.onStreamRead (node:internal/stream_base_commons:216:20)
Emitted 'error' event on ClientRequest instance at:
    at emitErrorEvent (node:_http_client:111:11)
    at TLSSocket.socketErrorListener (node:_http_client:607:5)
    at TLSSocket.emit (node:events:509:20)
    at emitErrorNT (node:internal/streams/destroy:170:8)
    at emitErrorCloseNT (node:internal/streams/destroy:129:3)
    at process.processTicksAndRejections (node:internal/process/task_queues:90:21) {
  errno: -110,
  code: 'ETIMEDOUT',
  syscall: 'read'
}

Node.js v26.3.1
node:events:487
      throw er; // Unhandled 'error' event
      ^

Error: read ETIMEDOUT
    at TLSWrap.onStreamRead (node:internal/stream_base_commons:216:20)
Emitted 'error' event on ClientRequest instance at:
    at emitErrorEvent (node:_http_client:111:11)
    at TLSSocket.socketErrorListener (node:_http_client:607:5)
    at TLSSocket.emit (node:events:509:20)
    at emitErrorNT (node:internal/streams/destroy:170:8)
    at emitErrorCloseNT (node:internal/streams/destroy:129:3)
    at process.processTicksAndRejections (node:internal/process/task_queues:90:21) {
  errno: -110,
  code: 'ETIMEDOUT',
  syscall: 'read'
}

Node.js v26.3.1
node:events:487
      throw er; // Unhandled 'error' event
      ^

Error: read ETIMEDOUT
    at TLSWrap.onStreamRead (node:internal/stream_base_commons:216:20)
Emitted 'error' event on ClientRequest instance at:
    at emitErrorEvent (node:_http_client:111:11)
    at TLSSocket.socketErrorListener (node:_http_client:607:5)
    at TLSSocket.emit (node:events:509:20)
    at emitErrorNT (node:internal/streams/destroy:170:8)
    at emitErrorCloseNT (node:internal/streams/destroy:129:3)
    at process.processTicksAndRejections (node:internal/process/task_queues:90:21) {
  errno: -110,
  code: 'ETIMEDOUT',
  syscall: 'read'
}

Node.js v26.3.1
